// Jest Snapshot v1, https://goo.gl/fbAQLP

exports[`Should render tickets correctly with props 1`] = `
<div
  className="tickets"
>
  <h3>
    4
     total tickets, 
    2
     on this page
  </h3>
  <div
    className="ticket"
    onClick={[Function]}
  >
    <div
      className="ticket-header"
    >
      <p>
        <span
          className="id"
        >
           ID: 
          1
           
        </span>
        <span
          className="status"
        >
          Status: 
        </span>
        <span
          className="right date"
        >
          Invalid Date
        </span>
      </p>
      <p>
        <b>
          Subject: 
        </b>
         
        <span
          className="subject"
        />
      </p>
    </div>
  </div>
  <div
    className="ticket"
    onClick={[Function]}
  >
    <div
      className="ticket-header"
    >
      <p>
        <span
          className="id"
        >
           ID: 
          2
           
        </span>
        <span
          className="status"
        >
          Status: 
        </span>
        <span
          className="right date"
        >
          Invalid Date
        </span>
      </p>
      <p>
        <b>
          Subject: 
        </b>
         
        <span
          className="subject"
        />
      </p>
    </div>
  </div>
  <div
    className="ticket"
    onClick={[Function]}
  >
    <div
      className="ticket-header"
    >
      <p>
        <span
          className="id"
        >
           ID: 
          3
           
        </span>
        <span
          className="status"
        >
          Status: 
        </span>
        <span
          className="right date"
        >
          Invalid Date
        </span>
      </p>
      <p>
        <b>
          Subject: 
        </b>
         
        <span
          className="subject"
        />
      </p>
    </div>
  </div>
  <div
    className="ticket"
    onClick={[Function]}
  >
    <div
      className="ticket-header"
    >
      <p>
        <span
          className="id"
        >
           ID: 
          4
           
        </span>
        <span
          className="status"
        >
          Status: 
        </span>
        <span
          className="right date"
        >
          Invalid Date
        </span>
      </p>
      <p>
        <b>
          Subject: 
        </b>
         
        <span
          className="subject"
        />
      </p>
    </div>
  </div>
  <ul
    className="paginator"
  />
</div>
`;
